======================================================================
🔬 FINAL MODEL — GỘP MIMIC + AFDB (60 bệnh nhân, cân bằng nguồn)
======================================================================

📊 33033 cửa sổ | 60 bệnh nhân (MIMIC: 35, AFDB: 25)

🏋️ Logistic Regression — Pooled LOSO 60 folds (cân bằng nguồn)...
    fold 15/60 xong...
    fold 30/60 xong...
    fold 45/60 xong...
    fold 60/60 xong...

🏋️ Random Forest — Pooled LOSO 60 folds (cân bằng nguồn)...
    fold 15/60 xong...
    fold 30/60 xong...
    fold 45/60 xong...
    fold 60/60 xong...

🏋️ XGBoost — Pooled LOSO 60 folds (cân bằng nguồn)...
    fold 15/60 xong...
    fold 30/60 xong...
    fold 45/60 xong...
    fold 60/60 xong...

======================================================================
📋 KẾT QUẢ POOLED LOSO (60 bệnh nhân chưa từng thấy)
======================================================================
              Model   Level Subset  Accuracy  Recall (Sensitivity)  Specificity  F1-Score  ROC-AUC  FN   FP
Logistic Regression  window pooled    0.9478                0.9733       0.9304    0.9382   0.9700 359 1364
Logistic Regression  window  mimic    0.9044                0.9723       0.8236    0.9169   0.8677  62  333
Logistic Regression  window   afdb    0.9541                0.9735       0.9418    0.9425   0.9810 297 1031
Logistic Regression subject  mimic    0.9429                1.0000       0.8750    0.9500   0.8750   0    2
      Random Forest  window pooled    0.9525                0.9655       0.9436    0.9429   0.9876 464 1106
      Random Forest  window  mimic    0.9109                0.9710       0.8395    0.9221   0.9446  65  303
      Random Forest  window   afdb    0.9584                0.9643       0.9547    0.9472   0.9921 399  803
      Random Forest subject  mimic    0.9143                1.0000       0.8125    0.9268   0.9375   0    3
            XGBoost  window pooled    0.9589                0.9716       0.9501    0.9505   0.9883 381  978
            XGBoost  window  mimic    0.9039                0.9773       0.8167    0.9169   0.9313  51  346
            XGBoost  window   afdb    0.9667                0.9705       0.9643    0.9576   0.9941 330  632
            XGBoost subject  mimic    0.9143                1.0000       0.8125    0.9268   0.9211   0    3

🏆 Model tốt nhất (pooled ROC-AUC): XGBoost

💾 Đã xuất: /media/phuc/New Volume/HeathSense_rungtamnhi/models/final/healthsense_afib_pipeline.pkl
💾 Model card: /media/phuc/New Volume/HeathSense_rungtamnhi/models/final/model_card.json

✅ HOÀN TẤT FINAL MODEL!
