========================================================================================================================
ALERT POLICY SWEEP
========================================================================================================================
 threshold policy  subject_sensitivity  subject_specificity  nonaf_false_subjects  median_false_alerts_per_hour  window_sensitivity  window_specificity  median_first_alert_s
    0.3000 1-of-1               1.0000               0.4375                     9                        3.0000              0.9880              0.8522               30.0000
    0.3000 2-of-3               1.0000               0.5625                     7                        0.0000              0.9746              0.8591               50.0000
    0.3000 3-of-3               1.0000               0.6875                     5                        0.0000              0.9616              0.8702               50.0000
    0.3000 3-of-5               1.0000               0.6875                     5                        0.0000              0.9599              0.8671               70.0000
    0.3500 1-of-1               1.0000               0.5000                     8                        1.5000              0.9844              0.8559               30.0000
    0.3500 2-of-3               1.0000               0.5625                     7                        0.0000              0.9737              0.8612               50.0000
    0.3500 3-of-3               1.0000               0.6875                     5                        0.0000              0.9523              0.8708               50.0000
    0.3500 3-of-5               1.0000               0.6875                     5                        0.0000              0.9585              0.8681               70.0000
    0.4000 1-of-1               1.0000               0.5625                     7                        0.0000              0.9817              0.8575               30.0000
    0.4000 2-of-3               1.0000               0.5625                     7                        0.0000              0.9706              0.8618               50.0000
    0.4000 3-of-3               1.0000               0.6875                     5                        0.0000              0.9478              0.8713               50.0000
    0.4000 3-of-5               1.0000               0.6875                     5                        0.0000              0.9563              0.8697               70.0000
    0.4500 1-of-1               1.0000               0.5625                     7                        0.0000              0.9781              0.8596               30.0000
    0.4500 2-of-3               1.0000               0.5625                     7                        0.0000              0.9665              0.8639               50.0000
    0.4500 3-of-3               1.0000               0.6875                     5                        0.0000              0.9420              0.8713               50.0000
    0.4500 3-of-5               1.0000               0.6875                     5                        0.0000              0.9532              0.8708               70.0000
    0.5000 1-of-1               1.0000               0.5625                     7                        0.0000              0.9759              0.8607               30.0000
    0.5000 2-of-3               1.0000               0.6250                     6                        0.0000              0.9648              0.8649               50.0000
    0.5000 3-of-3               1.0000               0.6875                     5                        0.0000              0.9380              0.8713               50.0000
    0.5000 3-of-5               1.0000               0.6875                     5                        0.0000              0.9509              0.8708               70.0000
    0.5500 1-of-1               1.0000               0.5625                     7                        0.0000              0.9719              0.8639               30.0000
    0.5500 2-of-3               1.0000               0.6250                     6                        0.0000              0.9603              0.8665               50.0000
    0.5500 3-of-3               1.0000               0.6875                     5                        0.0000              0.9331              0.8761               50.0000
    0.5500 3-of-5               1.0000               0.6875                     5                        0.0000              0.9465              0.8713               70.0000
    0.6000 1-of-1               1.0000               0.5625                     7                        0.0000              0.9674              0.8665               30.0000
    0.6000 2-of-3               1.0000               0.6250                     6                        0.0000              0.9563              0.8692               50.0000
    0.6000 3-of-3               1.0000               0.6875                     5                        0.0000              0.9269              0.8787               50.0000
    0.6000 3-of-5               1.0000               0.6875                     5                        0.0000              0.9438              0.8713               70.0000
    0.6500 1-of-1               1.0000               0.5625                     7                        0.0000              0.9616              0.8708               30.0000
    0.6500 2-of-3               1.0000               0.6875                     5                        0.0000              0.9523              0.8739               50.0000
    0.6500 3-of-3               1.0000               0.7500                     4                        0.0000              0.9175              0.8851               50.0000
    0.6500 3-of-5               1.0000               0.6875                     5                        0.0000              0.9425              0.8739               70.0000
    0.7000 1-of-1               1.0000               0.5625                     7                        0.0000              0.9509              0.8771               30.0000
    0.7000 2-of-3               1.0000               0.6875                     5                        0.0000              0.9425              0.8771               50.0000
    0.7000 3-of-3               1.0000               0.7500                     4                        0.0000              0.8983              0.8988               50.0000
    0.7000 3-of-5               1.0000               0.7500                     4                        0.0000              0.9340              0.8776               70.0000
    0.7500 1-of-1               1.0000               0.6250                     6                        0.0000              0.9425              0.8893               30.0000
    0.7500 2-of-3               1.0000               0.7500                     4                        0.0000              0.9380              0.8909               50.0000
    0.7500 3-of-3               1.0000               0.7500                     4                        0.0000              0.8782              0.9137               50.0000
    0.7500 3-of-5               1.0000               0.7500                     4                        0.0000              0.9300              0.8882               70.0000
    0.8000 1-of-1               1.0000               0.7500                     4                        0.0000              0.9277              0.8999               30.0000
    0.8000 2-of-3               1.0000               0.7500                     4                        0.0000              0.9237              0.8994               50.0000
    0.8000 3-of-3               1.0000               0.7500                     4                        0.0000              0.8559              0.9237               50.0000
    0.8000 3-of-5               1.0000               0.7500                     4                        0.0000              0.9170              0.9015               70.0000
    0.8500 1-of-1               1.0000               0.7500                     4                        0.0000              0.9063              0.9163               30.0000
    0.8500 2-of-3               1.0000               0.8125                     3                        0.0000              0.9019              0.9195               50.0000
    0.8500 3-of-3               1.0000               0.8125                     3                        0.0000              0.8229              0.9396               50.0000
    0.8500 3-of-5               1.0000               0.8125                     3                        0.0000              0.8996              0.9258               70.0000
    0.9000 1-of-1               1.0000               0.7500                     4                        0.0000              0.8742              0.9454               30.0000
    0.9000 2-of-3               1.0000               0.8125                     3                        0.0000              0.8720              0.9449               50.0000
    0.9000 3-of-3               1.0000               0.8750                     2                        0.0000              0.7779              0.9730               50.0000
    0.9000 3-of-5               1.0000               0.8125                     3                        0.0000              0.8711              0.9486               70.0000

========================================================================================================================
HIGH-SENSITIVITY CANDIDATES
========================================================================================================================
 threshold policy  subject_sensitivity  subject_specificity  af_detected  nonaf_false_subjects  median_false_alerts_per_hour  mean_false_alerts_per_hour  window_sensitivity  window_specificity  median_first_alert_s
    0.9000 3-of-3               1.0000               0.8750           19                     2                        0.0000                      2.2500              0.7779              0.9730               50.0000
    0.9000 3-of-5               1.0000               0.8125           19                     3                        0.0000                      1.8750              0.8711              0.9486               70.0000
    0.8500 3-of-3               1.0000               0.8125           19                     3                        0.0000                      2.0625              0.8229              0.9396               50.0000
    0.8500 3-of-5               1.0000               0.8125           19                     3                        0.0000                      2.2500              0.8996              0.9258               70.0000
    0.8500 2-of-3               1.0000               0.8125           19                     3                        0.0000                      2.8125              0.9019              0.9195               50.0000
    0.9000 2-of-3               1.0000               0.8125           19                     3                        0.0000                      3.3750              0.8720              0.9449               50.0000
    0.7000 3-of-5               1.0000               0.7500           19                     4                        0.0000                      1.1250              0.9340              0.8776               70.0000
    0.7500 3-of-5               1.0000               0.7500           19                     4                        0.0000                      1.6875              0.9300              0.8882               70.0000
    0.6500 3-of-3               1.0000               0.7500           19                     4                        0.0000                      1.6875              0.9175              0.8851               50.0000
    0.8000 3-of-3               1.0000               0.7500           19                     4                        0.0000                      2.6250              0.8559              0.9237               50.0000
    0.7000 3-of-3               1.0000               0.7500           19                     4                        0.0000                      2.6250              0.8983              0.8988               50.0000
    0.8000 3-of-5               1.0000               0.7500           19                     4                        0.0000                      2.8125              0.9170              0.9015               70.0000
    0.7500 3-of-3               1.0000               0.7500           19                     4                        0.0000                      3.0000              0.8782              0.9137               50.0000
    0.8000 2-of-3               1.0000               0.7500           19                     4                        0.0000                      3.0000              0.9237              0.8994               50.0000
    0.7500 2-of-3               1.0000               0.7500           19                     4                        0.0000                      3.0000              0.9380              0.8909               50.0000
    0.8000 1-of-1               1.0000               0.7500           19                     4                        0.0000                      4.6875              0.9277              0.8999               30.0000
    0.8500 1-of-1               1.0000               0.7500           19                     4                        0.0000                      5.0625              0.9063              0.9163               30.0000
    0.9000 1-of-1               1.0000               0.7500           19                     4                        0.0000                      6.0000              0.8742              0.9454               30.0000
    0.4000 3-of-3               1.0000               0.6875           19                     5                        0.0000                      0.9375              0.9478              0.8713               50.0000
    0.4500 3-of-3               1.0000               0.6875           19                     5                        0.0000                      0.9375              0.9420              0.8713               50.0000
