==============================================================================================================
NON-AF FALSE ALERT SUBJECTS
==============================================================================================================
               record_id  status  windows  prob_positive_windows  prob_positive_fraction  alert_windows  alert_episodes  episodes_per_hour  max_prob  median_prob  first_alert_s
mimic_perform_non_af_014       0      118                     70                  0.5932             42               9            27.0000    0.9956       0.9255        60.0000
mimic_perform_non_af_012       0      118                     28                  0.2373              9               3             9.0000    0.9732       0.8216       240.0000

==============================================================================================================
AF SUBJECTS
==============================================================================================================
           record_id  status  windows  prob_positive_windows  prob_positive_fraction  alert_windows  alert_episodes  episodes_per_hour  max_prob  median_prob  first_alert_s
mimic_perform_af_005       1      118                     31                  0.2627              9               4            12.0000    0.9998       0.8095       140.0000
mimic_perform_af_008       1      118                     73                  0.6186             36              10            30.0000    0.9999       0.9492       100.0000
mimic_perform_af_009       1      118                    113                  0.9576            104               3             9.0000    0.9999       0.9997        90.0000
mimic_perform_af_004       1      118                    102                  0.8644             88               6            18.0000    0.9999       0.9997        80.0000
mimic_perform_af_007       1      118                     86                  0.7288             70               6            18.0000    0.9897       0.9796        70.0000
mimic_perform_af_001       1      118                    111                  0.9407            100               5            15.0000    0.9998       0.9994        50.0000
mimic_perform_af_002       1      118                    115                  0.9746            108               3             9.0000    0.9999       0.9959        50.0000
mimic_perform_af_003       1      118                    106                  0.8983             88               9            27.0000    0.9976       0.9674        50.0000
mimic_perform_af_006       1      118                     99                  0.8390             77               8            24.0000    0.9998       0.9996        50.0000
mimic_perform_af_010       1      118                    101                  0.8559             91               5            15.0000    0.9968       0.9838        50.0000
mimic_perform_af_011       1      118                    114                  0.9661            106               3             9.0000    0.9999       0.9992        50.0000
mimic_perform_af_012       1      118                    118                  1.0000            116               1             3.0000    0.9999       0.9999        50.0000
mimic_perform_af_013       1      118                    118                  1.0000            116               1             3.0000    0.9999       0.9752        50.0000
mimic_perform_af_014       1      118                    118                  1.0000            116               1             3.0000    0.9998       0.9997        50.0000
mimic_perform_af_015       1      118                    110                  0.9322            102               4            12.0000    0.9998       0.9918        50.0000
mimic_perform_af_016       1      118                     96                  0.8136             74              10            30.0000    0.9999       0.9946        50.0000
mimic_perform_af_017       1      118                    113                  0.9576            111               1             3.0000    0.9999       0.9997        50.0000
mimic_perform_af_018       1      118                    118                  1.0000            116               1             3.0000    0.9999       0.9998        50.0000
mimic_perform_af_019       1      118                    118                  1.0000            116               1             3.0000    0.9999       0.9997        50.0000
