[01/35] mimic_perform_af_001
[02/35] mimic_perform_af_002
[03/35] mimic_perform_af_003
[04/35] mimic_perform_af_004
[05/35] mimic_perform_af_005
[06/35] mimic_perform_af_006
[07/35] mimic_perform_af_007
[08/35] mimic_perform_af_008
[09/35] mimic_perform_af_009
[10/35] mimic_perform_af_010
[11/35] mimic_perform_af_011
[12/35] mimic_perform_af_012
[13/35] mimic_perform_af_013
[14/35] mimic_perform_af_014
[15/35] mimic_perform_af_015
[16/35] mimic_perform_af_016
[17/35] mimic_perform_af_017
[18/35] mimic_perform_af_018
[19/35] mimic_perform_af_019
[20/35] mimic_perform_non_af_001
[21/35] mimic_perform_non_af_002
[22/35] mimic_perform_non_af_003
[23/35] mimic_perform_non_af_004
[24/35] mimic_perform_non_af_005
[25/35] mimic_perform_non_af_006
[26/35] mimic_perform_non_af_007
[27/35] mimic_perform_non_af_008
[28/35] mimic_perform_non_af_009
[29/35] mimic_perform_non_af_010
[30/35] mimic_perform_non_af_011
[31/35] mimic_perform_non_af_012
[32/35] mimic_perform_non_af_013
[33/35] mimic_perform_non_af_014
[34/35] mimic_perform_non_af_015
[35/35] mimic_perform_non_af_016

==========================================================================================
CALIBRATION RESULTS
==========================================================================================
  method     auc   brier  log_loss   ece10
     raw 0.97987 0.05963   0.22772 0.04451
 sigmoid 0.93066 0.06599   0.25428 0.03028
isotonic 0.96977 0.06525   0.22818 0.05787

==========================================================================================
SUBJECT-LEVEL
==========================================================================================
  method     auc   brier
     raw 0.98355 0.04748
 sigmoid 0.93421 0.05296
isotonic 0.96382 0.05134
