[01/35] mimic_perform_af_001
[02/35] mimic_perform_af_002
[03/35] mimic_perform_af_003
[04/35] mimic_perform_af_004
[05/35] mimic_perform_af_005
[06/35] mimic_perform_af_006
[07/35] mimic_perform_af_007
[08/35] mimic_perform_af_008
[09/35] mimic_perform_af_009
[10/35] mimic_perform_af_010
[11/35] mimic_perform_af_011
[12/35] mimic_perform_af_012
[13/35] mimic_perform_af_013
[14/35] mimic_perform_af_014
[15/35] mimic_perform_af_015
[16/35] mimic_perform_af_016
[17/35] mimic_perform_af_017
[18/35] mimic_perform_af_018
[19/35] mimic_perform_af_019
[20/35] mimic_perform_non_af_001
[21/35] mimic_perform_non_af_002
[22/35] mimic_perform_non_af_003
[23/35] mimic_perform_non_af_004
[24/35] mimic_perform_non_af_005
[25/35] mimic_perform_non_af_006
[26/35] mimic_perform_non_af_007
[27/35] mimic_perform_non_af_008
[28/35] mimic_perform_non_af_009
[29/35] mimic_perform_non_af_010
[30/35] mimic_perform_non_af_011
[31/35] mimic_perform_non_af_012
[32/35] mimic_perform_non_af_013
[33/35] mimic_perform_non_af_014
[34/35] mimic_perform_non_af_015
[35/35] mimic_perform_non_af_016

=====================================================================================
ECG REFERENCE AGREEMENT
=====================================================================================
reference comparison  label  n_subjects  median_f1   min_f1  median_sensitivity  median_ppv
  current   neurokit     AF          19   0.997870 0.907655            0.998626    0.998174
  current   neurokit Non-AF          16   0.999140 0.960569            0.998985    0.999712
  current       xqrs     AF          19   0.999313 0.879979            0.998783    0.999434
  current       xqrs Non-AF          16   0.999423 0.062615            0.999135    0.999418
 neurokit       xqrs     AF          19   0.997941 0.794893            0.997839    0.998454
 neurokit       xqrs Non-AF          16   0.999642 0.054221            1.000000    0.999285

=====================================================================================
WORST ECG DISAGREEMENTS
=====================================================================================
               record_id  label reference comparison       f1  sensitivity      ppv  ref_beats  test_beats
mimic_perform_non_af_014 Non-AF  neurokit       xqrs 0.054221     0.028241 0.676923       1558          65
mimic_perform_non_af_014 Non-AF   current       xqrs 0.062615     0.032609 0.784615       1564          65
    mimic_perform_af_015     AF  neurokit       xqrs 0.794893     0.953395 0.681580       1502        2101
    mimic_perform_af_015     AF   current       xqrs 0.879979     0.956425 0.814850       1790        2101
    mimic_perform_af_015     AF   current   neurokit 0.907655     0.834637 0.994674       1790        1502
    mimic_perform_af_004     AF  neurokit       xqrs 0.948999     0.972493 0.926613       2363        2480
mimic_perform_non_af_012 Non-AF   current   neurokit 0.960569     0.936416 0.986001       1730        1643
    mimic_perform_af_004     AF   current       xqrs 0.961018     0.962768 0.959274       2471        2480
mimic_perform_non_af_012 Non-AF  neurokit       xqrs 0.961263     0.981741 0.941623       1643        1713
    mimic_perform_af_004     AF   current   neurokit 0.968142     0.946985 0.990267       2471        2363
    mimic_perform_af_011     AF  neurokit       xqrs 0.969577     0.967901 0.971259       2025        2018
    mimic_perform_af_011     AF   current       xqrs 0.970321     0.960661 0.980178       2059        2018
mimic_perform_non_af_012 Non-AF   current       xqrs 0.972408     0.967630 0.977233       1730        1713
    mimic_perform_af_010     AF   current   neurokit 0.978947     0.970435 0.987611       1725        1695
    mimic_perform_af_005     AF   current   neurokit 0.978956     0.994458 0.963929       1263        1303
    mimic_perform_af_005     AF  neurokit       xqrs 0.979703     0.963162 0.996823       1303        1259
mimic_perform_non_af_006 Non-AF  neurokit       xqrs 0.981380     0.993899 0.969173       1803        1849
    mimic_perform_af_010     AF   current       xqrs 0.983578     0.972174 0.995252       1725        1685
mimic_perform_non_af_006 Non-AF   current   neurokit 0.984371     0.973427 0.995563       1844        1803
    mimic_perform_af_011     AF   current   neurokit 0.985798     0.977659 0.994074       2059        2025
