======================================================================
v4 — Pipeline hiện hành: LOSO theo bệnh nhân, 13 đặc trưng
======================================================================
Trích đặc trưng: kênh PPG, cửa sổ 30.0s, bước 10.0s, 35 bệnh nhân
  [ 1/35] mimic_perform_af_001         AFib    118 cửa sổ
  [ 2/35] mimic_perform_af_002         AFib    118 cửa sổ
  [ 3/35] mimic_perform_af_003         AFib    118 cửa sổ
  [ 4/35] mimic_perform_af_004         AFib    118 cửa sổ
  [ 5/35] mimic_perform_af_005         AFib    118 cửa sổ
  [ 6/35] mimic_perform_af_006         AFib    118 cửa sổ
  [ 7/35] mimic_perform_af_007         AFib    118 cửa sổ
  [ 8/35] mimic_perform_af_008         AFib    118 cửa sổ
  [ 9/35] mimic_perform_af_009         AFib    118 cửa sổ
  [10/35] mimic_perform_af_010         AFib    118 cửa sổ
  [11/35] mimic_perform_af_011         AFib    118 cửa sổ
  [12/35] mimic_perform_af_012         AFib    118 cửa sổ
  [13/35] mimic_perform_af_013         AFib    118 cửa sổ
  [14/35] mimic_perform_af_014         AFib    118 cửa sổ
  [15/35] mimic_perform_af_015         AFib    118 cửa sổ
  [16/35] mimic_perform_af_016         AFib    118 cửa sổ
  [17/35] mimic_perform_af_017         AFib    118 cửa sổ
  [18/35] mimic_perform_af_018         AFib    118 cửa sổ
  [19/35] mimic_perform_af_019         AFib    118 cửa sổ
  [20/35] mimic_perform_non_af_001     Normal  118 cửa sổ
  [21/35] mimic_perform_non_af_002     Normal  118 cửa sổ
  [22/35] mimic_perform_non_af_003     Normal  118 cửa sổ
  [23/35] mimic_perform_non_af_004     Normal  118 cửa sổ
  [24/35] mimic_perform_non_af_005     Normal  118 cửa sổ
  [25/35] mimic_perform_non_af_006     Normal  118 cửa sổ
  [26/35] mimic_perform_non_af_007     Normal  118 cửa sổ
  [27/35] mimic_perform_non_af_008     Normal  118 cửa sổ
  [28/35] mimic_perform_non_af_009     Normal  118 cửa sổ
  [29/35] mimic_perform_non_af_010     Normal  118 cửa sổ
  [30/35] mimic_perform_non_af_011     Normal  118 cửa sổ
  [31/35] mimic_perform_non_af_012     Normal  118 cửa sổ
  [32/35] mimic_perform_non_af_013     Normal  118 cửa sổ
  [33/35] mimic_perform_non_af_014     Normal  118 cửa sổ
  [34/35] mimic_perform_non_af_015     Normal  118 cửa sổ
  [35/35] mimic_perform_non_af_016     Normal  118 cửa sổ

Tổng 4130 cửa sổ (2242 AFib / 1888 Normal) từ 35 bệnh nhân -> museum_ppg_w30_s10p0.csv
  Đã xuất model: models/v4.pkl (293 KB) + v4.json

                       Cách chấm  Accuracy  Recall  Specificity  ROC-AUC
Ngẫu nhiên theo cửa sổ (bản gốc)    0.9806  0.9821       0.9788   0.9967
LOSO theo bệnh nhân (trung thực)    0.9167  0.9648       0.8596   0.9319

Nếu chấm kiểu cũ, chính dữ liệu v4 cũng cho 98.06% — chênh lệch nằm ở CÁCH CHẤM, không phải ở dữ liệu.
Mức bệnh nhân (LOSO): accuracy 0.9429, recall 1.0000 trên 35 người

Mô hình sản phẩm (XGBoost, 31305 cửa sổ, 60 bệnh nhân):
  pooled LOSO mức cửa sổ: acc 0.9589, AUC 0.9883
  cross-dataset AUC: MIMIC->AFDB 0.9870, AFDB->MIMIC 0.9757

Đã lưu: /media/phuc/New Volume/HeathSense_rungtamnhi/results/v4.json
