[01/35] mimic_perform_af_001
[02/35] mimic_perform_af_002
[03/35] mimic_perform_af_003
[04/35] mimic_perform_af_004
[05/35] mimic_perform_af_005
[06/35] mimic_perform_af_006
[07/35] mimic_perform_af_007
[08/35] mimic_perform_af_008
[09/35] mimic_perform_af_009
[10/35] mimic_perform_af_010
[11/35] mimic_perform_af_011
[12/35] mimic_perform_af_012
[13/35] mimic_perform_af_013
[14/35] mimic_perform_af_014
[15/35] mimic_perform_af_015
[16/35] mimic_perform_af_016
[17/35] mimic_perform_af_017
[18/35] mimic_perform_af_018
[19/35] mimic_perform_af_019
[20/35] mimic_perform_non_af_001
[21/35] mimic_perform_non_af_002
[22/35] mimic_perform_non_af_003
[23/35] mimic_perform_non_af_004
[24/35] mimic_perform_non_af_005
[25/35] mimic_perform_non_af_006
[26/35] mimic_perform_non_af_007
[27/35] mimic_perform_non_af_008
[28/35] mimic_perform_non_af_009
[29/35] mimic_perform_non_af_010
[30/35] mimic_perform_non_af_011
[31/35] mimic_perform_non_af_012
[32/35] mimic_perform_non_af_013
[33/35] mimic_perform_non_af_014
[34/35] mimic_perform_non_af_015
[35/35] mimic_perform_non_af_016

================================================================================
COSEn + AC EXTRACTION
================================================================================
Windows : 4130
Subjects: 35

COSEn      0
COSEn_r    0
PPG_AC     0
dtype: int64

          COSEn  COSEn_r   PPG_AC
status                           
0      -2.09550     0.03  0.21560
1      -0.44623     0.03  0.05553

            COSEn     COSEn_r      PPG_AC
count  4130.00000  4130.00000  4130.00000
mean     -1.06930     0.03278     0.11937
std       0.93039     0.01472     0.07835
min      -2.82119     0.03000     0.02818
25%      -2.06801     0.03000     0.05359
50%      -0.74164     0.03000     0.07706
75%      -0.32516     0.03000     0.20735
max       1.12624     0.24800     0.28210
