======================================================================
🔬 FINAL MODEL — GỘP MIMIC + AFDB (60 bệnh nhân, cân bằng nguồn)
======================================================================

📊 32864 cửa sổ | 60 bệnh nhân (MIMIC: 35, AFDB: 25)

🏋️ Logistic Regression — Pooled LOSO 60 folds (cân bằng nguồn)...
    fold 15/60 xong...
    fold 30/60 xong...
    fold 45/60 xong...
    fold 60/60 xong...

🏋️ Random Forest — Pooled LOSO 60 folds (cân bằng nguồn)...
    fold 15/60 xong...
    fold 30/60 xong...
    fold 45/60 xong...
    fold 60/60 xong...

🏋️ XGBoost — Pooled LOSO 60 folds (cân bằng nguồn)...
    fold 15/60 xong...
    fold 30/60 xong...
    fold 45/60 xong...
    fold 60/60 xong...

======================================================================
📋 KẾT QUẢ POOLED LOSO (60 bệnh nhân chưa từng thấy)
======================================================================
              Model   Level Subset  Accuracy  Recall (Sensitivity)  Specificity  F1-Score  ROC-AUC  FN   FP
Logistic Regression  window pooled    0.9479                0.9743       0.9300    0.9378   0.9702 341 1372
Logistic Regression  window  mimic    0.9036                0.9706       0.8242    0.9162   0.8678  66  332
Logistic Regression  window   afdb    0.9542                0.9750       0.9413    0.9423   0.9812 275 1040
Logistic Regression subject  mimic    0.9429                1.0000       0.8750    0.9500   0.8750   0    2
      Random Forest  window pooled    0.9539                0.9649       0.9464    0.9441   0.9880 465 1051
      Random Forest  window  mimic    0.9215                0.9710       0.8628    0.9307   0.9486  65  259
      Random Forest  window   afdb    0.9585                0.9637       0.9553    0.9469   0.9922 400  792
      Random Forest subject  mimic    0.9429                1.0000       0.8750    0.9500   0.9375   0    2
            XGBoost  window pooled    0.9599                0.9695       0.9534    0.9512   0.9881 405  913
            XGBoost  window  mimic    0.9121                0.9746       0.8379    0.9233   0.9302  57  306
            XGBoost  window   afdb    0.9668                0.9684       0.9657    0.9572   0.9940 348  607
            XGBoost subject  mimic    0.9143                1.0000       0.8125    0.9268   0.9145   0    3

🏆 Model tốt nhất (pooled ROC-AUC): XGBoost

💾 Đã xuất: /media/phuc/New Volume/HeathSense_rungtamnhi/models/final/healthsense_afib_pipeline.pkl
💾 Model card: /media/phuc/New Volume/HeathSense_rungtamnhi/models/final/model_card.json

✅ HOÀN TẤT FINAL MODEL!
